# VicPinky 변경 이력
# 커밋마다 자동으로 기록됩니다.
# .githooks/post-commit 훅이 생성합니다.
# 최초 설정: 2026-05-14

┌─────────────────────────────────────────────┐
│ 2026-05-14 17:10:30
├─────────────────────────────────────────────┤
│ 커밋   : 651ea86
│ 메시지 : feat: 커밋 자동 변경 이력 기록 시스템 추가
│ 브랜치 : main
│ 작성자 : bonobono-h <bonobonoredh@gmail.com>
├─────────────────────────────────────────────┤
│ 변경된 파일
  A  .githooks/post-commit
  M  .gitignore
  A  log/changes.log
  A  setup_hooks.sh
│
│ 4 files changed, 67 insertions(+), 1 deletion(-)
└─────────────────────────────────────────────┘

